\BOOKMARK [0][-]{chapter*.3}{\376\377\000L\000I\000S\000T\000E\000\040\000D\000E\000S\000\040\000F\000I\000G\000U\000R\000E\000S}{}% 1
\BOOKMARK [0][-]{chapter*.4}{\376\377\000L\000I\000S\000T\000E\000\040\000D\000E\000S\000\040\000A\000B\000R\000\311\000V\000I\000A\000T\000I\000O\000N\000S}{}% 2
\BOOKMARK [0][-]{chapter*.5}{\376\377\000I\000N\000T\000R\000O\000D\000U\000C\000T\000I\000O\000N\000\040\000G\000\311\000N\000\311\000R\000A\000L\000E}{}% 3
\BOOKMARK [0][-]{chapter.1}{\376\377\000C\000a\000d\000r\000e\000\040\000g\000\351\000n\000\351\000r\000a\000l}{}% 4
\BOOKMARK [1][-]{section*.6}{\376\377\000I\000n\000t\000r\000o\000d\000u\000c\000t\000i\000o\000n}{chapter.1}% 5
\BOOKMARK [1][-]{section.1.1}{\376\377\000C\000o\000n\000t\000e\000x\000t\000\040\000g\000\351\000n\000\351\000r\000a\000l\000\040\000d\000u\000\040\000p\000r\000o\000j\000e\000t}{chapter.1}% 6
\BOOKMARK [2][-]{subsection.1.1.1}{\376\377\000O\000r\000g\000a\000n\000i\000s\000m\000e\000\040\000d\000'\000a\000c\000c\000u\000e\000i\000l}{section.1.1}% 7
\BOOKMARK [2][-]{subsection.1.1.2}{\376\377\000P\000r\000o\000b\000l\000\351\000m\000a\000t\000i\000q\000u\000e}{section.1.1}% 8
\BOOKMARK [2][-]{subsection.1.1.3}{\376\377\000\311\000t\000u\000d\000e\000\040\000d\000e\000\040\000l\000'\000e\000x\000i\000s\000t\000a\000n\000t}{section.1.1}% 9
\BOOKMARK [2][-]{subsection.1.1.4}{\376\377\000I\000d\000\351\000e\000\040\000\351\000m\000e\000r\000g\000e\000n\000t\000e}{section.1.1}% 10
\BOOKMARK [2][-]{subsection.1.1.5}{\376\377\000S\000o\000l\000u\000t\000i\000o\000n\000\040\000p\000r\000o\000p\000o\000s\000\351\000e}{section.1.1}% 11
\BOOKMARK [1][-]{section.1.2}{\376\377\000M\000\351\000t\000h\000o\000d\000o\000l\000o\000g\000i\000e\000\040\000d\000e\000\040\000t\000r\000a\000v\000a\000i\000l}{chapter.1}% 12
\BOOKMARK [2][-]{subsection.1.2.1}{\376\377\000M\000\351\000t\000h\000o\000d\000o\000l\000o\000g\000i\000e\000\040\000d\000e\000\040\000t\000r\000a\000v\000a\000i\000l}{section.1.2}% 13
\BOOKMARK [2][-]{subsection.1.2.2}{\376\377\000L\000e\000s\000\040\000r\000\364\000l\000e\000s\000\040\000d\000a\000n\000s\000\040\000S\000C\000R\000U\000M}{section.1.2}% 14
\BOOKMARK [2][-]{subsection.1.2.3}{\376\377\000L\000e\000s\000\040\000a\000r\000t\000e\000f\000a\000c\000t\000s\000\040\000S\000c\000r\000u\000m}{section.1.2}% 15
\BOOKMARK [2][-]{subsection.1.2.4}{\376\377\000L\000e\000s\000\040\000r\000\351\000u\000n\000i\000o\000n\000s\000\040\000d\000a\000n\000s\000\040\000S\000C\000R\000U\000M}{section.1.2}% 16
\BOOKMARK [1][-]{subsection.1.2.4}{\376\377\000C\000o\000n\000c\000l\000u\000s\000i\000o\000n}{chapter.1}% 17
\BOOKMARK [0][-]{chapter.2}{\376\377\000S\000p\000\351\000c\000i\000f\000i\000c\000a\000t\000i\000o\000n\000\040\000d\000e\000s\000\040\000b\000e\000s\000o\000i\000n\000s}{}% 18
\BOOKMARK [1][-]{section*.12}{\376\377\000I\000n\000t\000r\000o\000d\000u\000c\000t\000i\000o\000n}{chapter.2}% 19
\BOOKMARK [1][-]{section.2.1}{\376\377\000S\000p\000\351\000c\000i\000f\000i\000c\000a\000t\000i\000o\000n\000\040\000d\000e\000\040\000b\000e\000s\000o\000i\000n\000s\000\040\000:}{chapter.2}% 20
\BOOKMARK [2][-]{subsection.2.1.1}{\376\377\000A\000c\000t\000e\000u\000r\000s\000\040\000:}{section.2.1}% 21
\BOOKMARK [2][-]{subsection.2.1.2}{\376\377\000B\000e\000s\000o\000i\000n\000s\000\040\000f\000o\000n\000c\000t\000i\000o\000n\000n\000e\000l\000s\000\040\000:}{section.2.1}% 22
\BOOKMARK [2][-]{subsection.2.1.3}{\376\377\000B\000e\000s\000o\000i\000n\000s\000\040\000n\000o\000n\000\040\000f\000o\000n\000c\000t\000i\000o\000n\000n\000e\000l\000s\000\040\000:}{section.2.1}% 23
\BOOKMARK [1][-]{section.2.2}{\376\377\000B\000a\000c\000k\000l\000o\000g}{chapter.2}% 24
\BOOKMARK [1][-]{section.2.3}{\376\377\000A\000n\000a\000l\000y\000s\000e\000\040\000g\000l\000o\000b\000a\000l\000e\000\040\000:}{chapter.2}% 25
\BOOKMARK [2][-]{subsection.2.3.1}{\376\377\000D\000i\000a\000g\000r\000a\000m\000m\000e\000\040\000d\000e\000\040\000c\000a\000s\000\040\000d\000'\000u\000t\000i\000l\000i\000s\000a\000t\000i\000o\000n\000\040\000g\000l\000o\000b\000a\000l\000\040\000:}{section.2.3}% 26
\BOOKMARK [2][-]{subsection.2.3.2}{\376\377\000D\000i\000a\000g\000r\000a\000m\000m\000e\000\040\000d\000e\000\040\000c\000l\000a\000s\000s\000e\000\040\000g\000l\000o\000b\000a\000l\000e\000\040\000:}{section.2.3}% 27
\BOOKMARK [1][-]{section.2.4}{\376\377\000P\000l\000a\000n\000i\000f\000i\000c\000a\000t\000i\000o\000n\000s\000\040\000d\000e\000s\000\040\000s\000p\000r\000i\000n\000t\000s\000\040\000:}{chapter.2}% 28
\BOOKMARK [1][-]{table.caption.15}{\376\377\000C\000o\000n\000c\000l\000u\000s\000i\000o\000n}{chapter.2}% 29
\BOOKMARK [0][-]{chapter.3}{\376\377\000E\000t\000u\000d\000e\000\040\000t\000e\000c\000h\000n\000i\000q\000u\000e}{}% 30
\BOOKMARK [1][-]{section*.16}{\376\377\000I\000n\000t\000r\000o\000d\000u\000c\000t\000i\000o\000n}{chapter.3}% 31
\BOOKMARK [1][-]{section.3.1}{\376\377\000E\000n\000v\000i\000r\000o\000n\000n\000e\000m\000e\000n\000t\000\040\000d\000e\000\040\000d\000\351\000v\000e\000l\000o\000p\000p\000e\000m\000e\000n\000t}{chapter.3}% 32
\BOOKMARK [2][-]{subsection.3.1.1}{\376\377\000E\000n\000v\000i\000r\000o\000n\000n\000e\000m\000e\000n\000t\000\040\000m\000a\000t\000\351\000r\000i\000e\000l}{section.3.1}% 33
\BOOKMARK [2][-]{subsection.3.1.2}{\376\377\000E\000n\000v\000i\000r\000o\000n\000n\000e\000m\000e\000n\000t\000\040\000l\000o\000g\000i\000c\000i\000e\000l}{section.3.1}% 34
\BOOKMARK [3][-]{subsubsection.3.1.2.1}{\376\377\000V\000i\000s\000u\000a\000l\000\040\000S\000t\000u\000d\000i\000o\000\040\000C\000o\000d\000e}{subsection.3.1.2}% 35
\BOOKMARK [3][-]{subsubsection.3.1.2.2}{\376\377\000V\000i\000s\000u\000a\000l\000\040\000S\000t\000u\000d\000i\000o}{subsection.3.1.2}% 36
\BOOKMARK [2][-]{subsection.3.1.3}{\376\377\000T\000e\000c\000h\000n\000o\000l\000o\000g\000i\000e\000s}{section.3.1}% 37
\BOOKMARK [3][-]{subsubsection.3.1.3.1}{\376\377\000L\000a\000n\000g\000a\000g\000e\000s\000\040\000d\000e\000\040\000p\000r\000o\000g\000r\000a\000m\000m\000a\000t\000i\000o\000n}{subsection.3.1.3}% 38
\BOOKMARK [3][-]{subsubsection.3.1.3.2}{\376\377\000F\000r\000a\000m\000e\000w\000o\000r\000k\000s}{subsection.3.1.3}% 39
\BOOKMARK [3][-]{subsubsection.3.1.3.3}{\376\377\000B\000i\000b\000l\000i\000o\000t\000h\000\350\000q\000u\000e\000s}{subsection.3.1.3}% 40
\BOOKMARK [3][-]{subsubsection.3.1.3.4}{\376\377\000S\000y\000s\000t\000\350\000m\000e\000s\000\040\000d\000e\000\040\000g\000e\000s\000t\000i\000o\000n\000\040\000d\000e\000\040\000b\000a\000s\000e\000\040\000d\000e\000\040\000d\000o\000n\000n\000\351\000e\000s}{subsection.3.1.3}% 41
\BOOKMARK [3][-]{subsubsection.3.1.3.5}{\376\377\000A\000P\000I\000s}{subsection.3.1.3}% 42
\BOOKMARK [1][-]{section.3.2}{\376\377\000A\000r\000c\000h\000i\000t\000e\000c\000t\000u\000r\000e\000\040\000d\000e\000\040\000l\000'\000a\000p\000p\000l\000i\000c\000a\000t\000i\000o\000n}{chapter.3}% 43
\BOOKMARK [2][-]{subsection.3.2.1}{\376\377\000A\000r\000c\000h\000i\000t\000e\000c\000t\000u\000r\000e\000\040\000p\000h\000y\000s\000i\000q\000u\000e}{section.3.2}% 44
\BOOKMARK [2][-]{subsection.3.2.2}{\376\377\000A\000r\000c\000h\000i\000t\000e\000c\000t\000u\000r\000e\000\040\000l\000o\000g\000i\000q\000u\000e}{section.3.2}% 45
\BOOKMARK [1][-]{figure.caption.29}{\376\377\000C\000o\000n\000c\000l\000u\000s\000i\000o\000n}{chapter.3}% 46
\BOOKMARK [0][-]{chapter.4}{\376\377\000R\000e\000l\000e\000a\000s\000e\000\040\0001}{}% 47
\BOOKMARK [1][-]{section*.30}{\376\377\000I\000n\000t\000r\000o\000d\000u\000c\000t\000i\000o\000n}{chapter.4}% 48
\BOOKMARK [1][-]{section.4.1}{\376\377\000S\000p\000r\000i\000n\000t\000\040\0001\000\040\000:\000\040\000A\000u\000t\000h\000e\000n\000t\000i\000f\000i\000c\000a\000t\000i\000o\000n\000,\000\040\000i\000n\000s\000c\000r\000i\000p\000t\000i\000o\000n\000,\000\040\000r\000e\000q\000u\000\352\000t\000e\000s\000\040\000d\000'\000i\000n\000s\000c\000r\000i\000p\000t\000i\000o\000n\000\040\000e\000t\000\040\000p\000r\000o\000f\000i\000l\000s}{chapter.4}% 49
\BOOKMARK [2][-]{subsection.4.1.1}{\376\377\000S\000p\000\351\000c\000i\000f\000i\000c\000a\000t\000i\000o\000n\000s\000\040\000f\000o\000n\000c\000t\000i\000o\000n\000n\000e\000l\000l\000e\000s}{section.4.1}% 50
\BOOKMARK [3][-]{subsubsection.4.1.1.1}{\376\377\000B\000a\000c\000k\000l\000o\000g\000\040\000d\000u\000\040\000S\000p\000r\000i\000n\000t\000\040\0001}{subsection.4.1.1}% 51
\BOOKMARK [3][-]{subsubsection.4.1.1.2}{\376\377\000D\000i\000a\000g\000r\000a\000m\000m\000e\000\040\000d\000e\000\040\000c\000a\000s\000\040\000d\000'\000u\000t\000i\000l\000i\000s\000a\000t\000i\000o\000n\000\040\000d\000\351\000t\000a\000i\000l\000l\000\351\000\040\000d\000e\000\040\000l\000'\000a\000u\000t\000h\000e\000n\000t\000i\000f\000i\000c\000a\000t\000i\000o\000n}{subsection.4.1.1}% 52
\BOOKMARK [3][-]{subsubsection.4.1.1.3}{\376\377\000D\000i\000a\000g\000r\000a\000m\000m\000e\000\040\000d\000e\000\040\000c\000a\000s\000\040\000d\000'\000u\000t\000i\000l\000i\000s\000a\000t\000i\000o\000n\000\040\000d\000\351\000t\000a\000i\000l\000l\000\351\000\040\000d\000e\000\040\000l\000'\000i\000n\000s\000c\000r\000i\000p\000t\000i\000o\000n}{subsection.4.1.1}% 53
\BOOKMARK [3][-]{subsubsection.4.1.1.4}{\376\377\000D\000i\000a\000g\000r\000a\000m\000m\000e\000\040\000d\000e\000\040\000c\000a\000s\000\040\000d\000'\000u\000t\000i\000l\000i\000s\000a\000t\000i\000o\000n\000\040\000d\000\351\000t\000a\000i\000l\000l\000\351\000\040\000d\000e\000\040\000l\000a\000\040\000g\000e\000s\000t\000i\000o\000n\000\040\000d\000e\000s\000\040\000d\000e\000m\000a\000n\000d\000e\000s\000\040\000d\000'\000i\000n\000s\000c\000r\000i\000p\000t\000i\000o\000n}{subsection.4.1.1}% 54
\BOOKMARK [3][-]{subsubsection.4.1.1.5}{\376\377\000D\000i\000a\000g\000r\000a\000m\000m\000e\000\040\000d\000e\000\040\000c\000a\000s\000\040\000d\000'\000u\000t\000i\000l\000i\000s\000a\000t\000i\000o\000n\000\040\000d\000\351\000t\000a\000i\000l\000l\000\351\000\040\000d\000e\000\040\000l\000a\000\040\000g\000e\000s\000t\000i\000o\000n\000\040\000d\000e\000s\000\040\000p\000r\000o\000f\000i\000l\000s}{subsection.4.1.1}% 55
\BOOKMARK [2][-]{subsection.4.1.2}{\376\377\000C\000o\000n\000c\000e\000p\000t\000i\000o\000n}{section.4.1}% 56
\BOOKMARK [3][-]{subsubsection.4.1.2.1}{\376\377\000D\000i\000a\000g\000r\000a\000m\000m\000e\000\040\000d\000e\000\040\000s\000\351\000q\000u\000e\000n\000c\000e}{subsection.4.1.2}% 57
\BOOKMARK [3][-]{subsubsection.4.1.2.2}{\376\377\000D\000i\000a\000g\000r\000a\000m\000m\000e\000\040\000d\000e\000\040\000s\000\351\000q\000u\000e\000n\000c\000e\000\040\000p\000o\000u\000r\000\040\000l\000e\000\040\000s\000c\000\351\000n\000a\000r\000i\000o\000\040\000d\000'\000a\000u\000t\000h\000e\000n\000t\000i\000f\000i\000c\000a\000t\000i\000o\000n}{subsection.4.1.2}% 58
\BOOKMARK [3][-]{subsubsection.4.1.2.3}{\376\377\000D\000i\000a\000g\000r\000a\000m\000m\000e\000\040\000d\000e\000\040\000s\000\351\000q\000u\000e\000n\000c\000e\000\040\000p\000o\000u\000r\000\040\000l\000e\000\040\000s\000c\000\351\000n\000a\000r\000i\000o\000\040\000d\000'\000i\000n\000s\000c\000r\000i\000p\000t\000i\000o\000n}{subsection.4.1.2}% 59
\BOOKMARK [3][-]{subsubsection.4.1.2.4}{\376\377\000D\000i\000a\000g\000r\000a\000m\000m\000e\000\040\000d\000e\000\040\000s\000\351\000q\000u\000e\000n\000c\000e\000\040\000p\000o\000u\000r\000\040\000l\000e\000\040\000s\000c\000\351\000n\000a\000r\000i\000o\000\040\000d\000'\000a\000p\000p\000r\000o\000b\000a\000t\000i\000o\000n\000\040\000d\000e\000s\000\040\000d\000e\000m\000a\000n\000d\000e\000s}{subsection.4.1.2}% 60
\BOOKMARK [3][-]{subsubsection.4.1.2.5}{\376\377\000D\000i\000a\000g\000r\000a\000m\000m\000e\000\040\000d\000e\000\040\000s\000\351\000q\000u\000e\000n\000c\000e\000\040\000p\000o\000u\000r\000\040\000l\000e\000\040\000s\000c\000\351\000n\000a\000r\000i\000o\000\040\000d\000e\000\040\000m\000o\000d\000i\000f\000i\000c\000a\000t\000i\000o\000n\000\040\000d\000u\000\040\000p\000r\000o\000f\000i\000l}{subsection.4.1.2}% 61
\BOOKMARK [2][-]{subsection.4.1.3}{\376\377\000R\000\351\000a\000l\000i\000s\000a\000t\000i\000o\000n}{section.4.1}% 62
\BOOKMARK [3][-]{subsubsection.4.1.3.1}{\376\377\000I\000n\000t\000e\000r\000f\000a\000c\000e\000\040\000d\000'\000a\000u\000t\000h\000e\000n\000t\000i\000f\000i\000c\000a\000t\000i\000o\000n}{subsection.4.1.3}% 63
\BOOKMARK [3][-]{subsubsection.4.1.3.2}{\376\377\000I\000n\000t\000e\000r\000f\000a\000c\000e\000\040\000d\000'\000i\000n\000s\000c\000r\000i\000p\000t\000i\000o\000n}{subsection.4.1.3}% 64
\BOOKMARK [3][-]{subsubsection.4.1.3.3}{\376\377\000I\000n\000t\000e\000r\000f\000a\000c\000e\000\040\000d\000e\000\040\000g\000e\000s\000t\000i\000o\000n\000\040\000d\000e\000s\000\040\000d\000e\000m\000a\000n\000d\000e\000s\000\040\000d\000'\000i\000n\000s\000c\000r\000i\000p\000t\000i\000o\000n}{subsection.4.1.3}% 65
\BOOKMARK [3][-]{subsubsection.4.1.3.4}{\376\377\000I\000n\000t\000e\000r\000f\000a\000c\000e\000\040\000d\000e\000\040\000g\000e\000s\000t\000i\000o\000n\000\040\000d\000e\000s\000\040\000p\000r\000o\000f\000i\000l\000s}{subsection.4.1.3}% 66
\BOOKMARK [1][-]{section.4.2}{\376\377\000S\000p\000r\000i\000n\000t\000\040\0002\000\040\000:\000\040\000G\000e\000s\000t\000i\000o\000n\000\040\000d\000e\000s\000\040\000u\000t\000i\000l\000i\000s\000a\000t\000e\000u\000r\000s\000,\000\040\000e\000n\000t\000r\000e\000p\000r\000i\000s\000e\000s\000,\000\040\000p\000a\000r\000a\000m\000\350\000t\000r\000e\000s\000\040\000d\000'\000e\000n\000t\000r\000e\000p\000r\000i\000s\000e\000\040\000e\000t\000\040\000t\000a\000x\000o\000n\000o\000m\000i\000e}{chapter.4}% 67
\BOOKMARK [2][-]{subsection.4.2.1}{\376\377\000S\000p\000\351\000c\000i\000f\000i\000c\000a\000t\000i\000o\000n\000s\000\040\000f\000o\000n\000c\000t\000i\000o\000n\000n\000e\000l\000l\000e\000s}{section.4.2}% 68
\BOOKMARK [3][-]{subsubsection.4.2.1.1}{\376\377\000B\000a\000c\000k\000l\000o\000g\000\040\000d\000u\000\040\000S\000p\000r\000i\000n\000t\000\040\0002}{subsection.4.2.1}% 69
\BOOKMARK [3][-]{subsubsection.4.2.1.2}{\376\377\000D\000i\000a\000g\000r\000a\000m\000m\000e\000\040\000d\000e\000\040\000c\000a\000s\000\040\000d\000'\000u\000t\000i\000l\000i\000s\000a\000t\000i\000o\000n\000\040\000d\000\351\000t\000a\000i\000l\000l\000\351\000\040\000d\000e\000\040\000l\000a\000\040\000g\000e\000s\000t\000i\000o\000n\000\040\000d\000e\000s\000\040\000u\000t\000i\000l\000i\000s\000a\000t\000e\000u\000r\000s}{subsection.4.2.1}% 70
\BOOKMARK [3][-]{subsubsection.4.2.1.3}{\376\377\000D\000i\000a\000g\000r\000a\000m\000m\000e\000\040\000d\000e\000\040\000c\000a\000s\000\040\000d\000'\000u\000t\000i\000l\000i\000s\000a\000t\000i\000o\000n\000\040\000d\000\351\000t\000a\000i\000l\000l\000\351\000\040\000d\000e\000\040\000l\000a\000\040\000g\000e\000s\000t\000i\000o\000n\000\040\000d\000e\000s\000\040\000e\000n\000t\000r\000e\000p\000r\000i\000s\000e\000s}{subsection.4.2.1}% 71
\BOOKMARK [3][-]{subsubsection.4.2.1.4}{\376\377\000D\000i\000a\000g\000r\000a\000m\000m\000e\000\040\000d\000e\000\040\000c\000a\000s\000\040\000d\000'\000u\000t\000i\000l\000i\000s\000a\000t\000i\000o\000n\000\040\000d\000\351\000t\000a\000i\000l\000l\000\351\000\040\000d\000e\000\040\000l\000a\000\040\000g\000e\000s\000t\000i\000o\000n\000\040\000d\000e\000s\000\040\000p\000a\000r\000a\000m\000\350\000t\000r\000e\000s\000\040\000d\000'\000e\000n\000t\000r\000e\000p\000r\000i\000s\000e}{subsection.4.2.1}% 72
\BOOKMARK [3][-]{subsubsection.4.2.1.5}{\376\377\000D\000i\000a\000g\000r\000a\000m\000m\000e\000\040\000d\000e\000\040\000c\000a\000s\000\040\000d\000'\000u\000t\000i\000l\000i\000s\000a\000t\000i\000o\000n\000\040\000d\000\351\000t\000a\000i\000l\000l\000\351\000\040\000d\000e\000\040\000l\000a\000\040\000g\000e\000s\000t\000i\000o\000n\000\040\000d\000e\000\040\000l\000a\000\040\000t\000a\000x\000o\000n\000o\000m\000i\000e}{subsection.4.2.1}% 73
\BOOKMARK [2][-]{subsection.4.2.2}{\376\377\000C\000o\000n\000c\000e\000p\000t\000i\000o\000n}{section.4.2}% 74
\BOOKMARK [3][-]{subsubsection.4.2.2.1}{\376\377\000D\000i\000a\000g\000r\000a\000m\000m\000e\000\040\000d\000e\000\040\000s\000\351\000q\000u\000e\000n\000c\000e\000\040\000p\000o\000u\000r\000\040\000l\000e\000\040\000s\000c\000\351\000n\000a\000r\000i\000o\000\040\000d\000e\000\040\000c\000r\000\351\000a\000t\000i\000o\000n\000\040\000d\000'\000u\000t\000i\000l\000i\000s\000a\000t\000e\000u\000r}{subsection.4.2.2}% 75
\BOOKMARK [3][-]{subsubsection.4.2.2.2}{\376\377\000D\000i\000a\000g\000r\000a\000m\000m\000e\000\040\000d\000e\000\040\000s\000\351\000q\000u\000e\000n\000c\000e\000\040\000p\000o\000u\000r\000\040\000l\000e\000\040\000s\000c\000\351\000n\000a\000r\000i\000o\000\040\000d\000e\000\040\000c\000o\000n\000s\000u\000l\000t\000a\000t\000i\000o\000n\000\040\000d\000e\000s\000\040\000u\000t\000i\000l\000i\000s\000a\000t\000e\000u\000r\000s}{subsection.4.2.2}% 76
\BOOKMARK [3][-]{subsubsection.4.2.2.3}{\376\377\000D\000i\000a\000g\000r\000a\000m\000m\000e\000\040\000d\000e\000\040\000s\000\351\000q\000u\000e\000n\000c\000e\000\040\000p\000o\000u\000r\000\040\000l\000e\000\040\000s\000c\000\351\000n\000a\000r\000i\000o\000\040\000d\000e\000\040\000m\000o\000d\000i\000f\000i\000c\000a\000t\000i\000o\000n\000\040\000d\000'\000u\000t\000i\000l\000i\000s\000a\000t\000e\000u\000r}{subsection.4.2.2}% 77
\BOOKMARK [3][-]{subsubsection.4.2.2.4}{\376\377\000D\000i\000a\000g\000r\000a\000m\000m\000e\000\040\000d\000e\000\040\000s\000\351\000q\000u\000e\000n\000c\000e\000\040\000p\000o\000u\000r\000\040\000l\000e\000\040\000s\000c\000\351\000n\000a\000r\000i\000o\000\040\000d\000e\000\040\000s\000u\000p\000p\000r\000e\000s\000s\000i\000o\000n\000\040\000d\000'\000u\000t\000i\000l\000i\000s\000a\000t\000e\000u\000r}{subsection.4.2.2}% 78
\BOOKMARK [3][-]{subsubsection.4.2.2.5}{\376\377\000D\000i\000a\000g\000r\000a\000m\000m\000e\000\040\000d\000e\000\040\000s\000\351\000q\000u\000e\000n\000c\000e\000\040\000p\000o\000u\000r\000\040\000l\000e\000\040\000s\000c\000\351\000n\000a\000r\000i\000o\000\040\000d\000e\000\040\000c\000o\000n\000s\000u\000l\000t\000a\000t\000i\000o\000n\000\040\000d\000e\000s\000\040\000e\000n\000t\000r\000e\000p\000r\000i\000s\000e\000s}{subsection.4.2.2}% 79
\BOOKMARK [3][-]{subsubsection.4.2.2.6}{\376\377\000D\000i\000a\000g\000r\000a\000m\000m\000e\000\040\000d\000e\000\040\000s\000\351\000q\000u\000e\000n\000c\000e\000\040\000p\000o\000u\000r\000\040\000l\000e\000\040\000s\000c\000\351\000n\000a\000r\000i\000o\000\040\000d\000e\000\040\000s\000u\000p\000p\000r\000e\000s\000s\000i\000o\000n\000\040\000d\000'\000e\000n\000t\000r\000e\000p\000r\000i\000s\000e}{subsection.4.2.2}% 80
\BOOKMARK [3][-]{subsubsection.4.2.2.7}{\376\377\000D\000i\000a\000g\000r\000a\000m\000m\000e\000\040\000d\000e\000\040\000s\000\351\000q\000u\000e\000n\000c\000e\000\040\000p\000o\000u\000r\000\040\000l\000e\000\040\000s\000c\000\351\000n\000a\000r\000i\000o\000\040\000d\000e\000\040\000c\000o\000n\000s\000u\000l\000t\000a\000t\000i\000o\000n\000\040\000d\000e\000s\000\040\000p\000a\000r\000a\000m\000\350\000t\000r\000e\000s\000\040\000d\000'\000e\000n\000t\000r\000e\000p\000r\000i\000s\000e}{subsection.4.2.2}% 81
\BOOKMARK [3][-]{subsubsection.4.2.2.8}{\376\377\000D\000i\000a\000g\000r\000a\000m\000m\000e\000\040\000d\000e\000\040\000s\000\351\000q\000u\000e\000n\000c\000e\000\040\000p\000o\000u\000r\000\040\000l\000e\000\040\000s\000c\000\351\000n\000a\000r\000i\000o\000\040\000d\000e\000\040\000m\000o\000d\000i\000f\000i\000c\000a\000t\000i\000o\000n\000\040\000d\000e\000s\000\040\000p\000a\000r\000a\000m\000\350\000t\000r\000e\000s\000\040\000d\000'\000e\000n\000t\000r\000e\000p\000r\000i\000s\000e}{subsection.4.2.2}% 82
\BOOKMARK [3][-]{subsubsection.4.2.2.9}{\376\377\000D\000i\000a\000g\000r\000a\000m\000m\000e\000\040\000d\000e\000\040\000s\000\351\000q\000u\000e\000n\000c\000e\000\040\000p\000o\000u\000r\000\040\000l\000e\000\040\000s\000c\000\351\000n\000a\000r\000i\000o\000\040\000d\000e\000\040\000c\000r\000\351\000a\000t\000i\000o\000n\000\040\000d\000'\000\351\000l\000\351\000m\000e\000n\000t\000\040\000d\000e\000\040\000t\000a\000x\000o\000n\000o\000m\000i\000e}{subsection.4.2.2}% 83
\BOOKMARK [3][-]{subsubsection.4.2.2.10}{\376\377\000D\000i\000a\000g\000r\000a\000m\000m\000e\000\040\000d\000e\000\040\000s\000\351\000q\000u\000e\000n\000c\000e\000\040\000p\000o\000u\000r\000\040\000l\000e\000\040\000s\000c\000\351\000n\000a\000r\000i\000o\000\040\000d\000e\000\040\000c\000o\000n\000s\000u\000l\000t\000a\000t\000i\000o\000n\000\040\000d\000e\000\040\000l\000a\000\040\000t\000a\000x\000o\000n\000o\000m\000i\000e}{subsection.4.2.2}% 84
\BOOKMARK [3][-]{subsubsection.4.2.2.11}{\376\377\000D\000i\000a\000g\000r\000a\000m\000m\000e\000\040\000d\000e\000\040\000s\000\351\000q\000u\000e\000n\000c\000e\000\040\000p\000o\000u\000r\000\040\000l\000e\000\040\000s\000c\000\351\000n\000a\000r\000i\000o\000\040\000d\000e\000\040\000m\000o\000d\000i\000f\000i\000c\000a\000t\000i\000o\000n\000\040\000d\000'\000\351\000l\000\351\000m\000e\000n\000t\000\040\000d\000e\000\040\000t\000a\000x\000o\000n\000o\000m\000i\000e}{subsection.4.2.2}% 85
\BOOKMARK [3][-]{subsubsection.4.2.2.12}{\376\377\000D\000i\000a\000g\000r\000a\000m\000m\000e\000\040\000d\000e\000\040\000s\000\351\000q\000u\000e\000n\000c\000e\000\040\000p\000o\000u\000r\000\040\000l\000e\000\040\000s\000c\000\351\000n\000a\000r\000i\000o\000\040\000d\000e\000\040\000s\000u\000p\000p\000r\000e\000s\000s\000i\000o\000n\000\040\000d\000'\000\351\000l\000\351\000m\000e\000n\000t\000\040\000d\000e\000\040\000t\000a\000x\000o\000n\000o\000m\000i\000e}{subsection.4.2.2}% 86
\BOOKMARK [3][-]{subsubsection.4.2.2.13}{\376\377\000D\000i\000a\000g\000r\000a\000m\000m\000e\000\040\000d\000e\000\040\000s\000\351\000q\000u\000e\000n\000c\000e\000\040\000p\000o\000u\000r\000\040\000l\000e\000\040\000s\000c\000\351\000n\000a\000r\000i\000o\000\040\000d\000e\000\040\000g\000\351\000n\000\351\000r\000a\000t\000i\000o\000n\000\040\000d\000e\000\040\000s\000u\000g\000g\000e\000s\000t\000i\000o\000n\000\040\000d\000e\000\040\000t\000a\000x\000o\000n\000o\000m\000i\000e}{subsection.4.2.2}% 87
\BOOKMARK [2][-]{subsection.4.2.3}{\376\377\000R\000\351\000a\000l\000i\000s\000a\000t\000i\000o\000n}{section.4.2}% 88
\BOOKMARK [3][-]{subsubsection.4.2.3.1}{\376\377\000I\000n\000t\000e\000r\000f\000a\000c\000e\000\040\000d\000e\000\040\000g\000e\000s\000t\000i\000o\000n\000\040\000d\000e\000s\000\040\000u\000t\000i\000l\000i\000s\000a\000t\000e\000u\000r\000s\000\040\000\050\000A\000d\000m\000i\000n\000\051}{subsection.4.2.3}% 89
\BOOKMARK [3][-]{subsubsection.4.2.3.2}{\376\377\000I\000n\000t\000e\000r\000f\000a\000c\000e\000\040\000d\000e\000\040\000c\000r\000\351\000a\000t\000i\000o\000n\000\040\000d\000'\000u\000t\000i\000l\000i\000s\000a\000t\000e\000u\000r}{subsection.4.2.3}% 90
\BOOKMARK [3][-]{subsubsection.4.2.3.3}{\376\377\000I\000n\000t\000e\000r\000f\000a\000c\000e\000\040\000d\000e\000\040\000m\000o\000d\000i\000f\000i\000c\000a\000t\000i\000o\000n\000\040\000d\000'\000u\000t\000i\000l\000i\000s\000a\000t\000e\000u\000r}{subsection.4.2.3}% 91
\BOOKMARK [3][-]{subsubsection.4.2.3.4}{\376\377\000I\000n\000t\000e\000r\000f\000a\000c\000e\000\040\000d\000e\000\040\000g\000e\000s\000t\000i\000o\000n\000\040\000d\000e\000s\000\040\000u\000t\000i\000l\000i\000s\000a\000t\000e\000u\000r\000s\000\040\000\050\000S\000u\000p\000e\000r\000\040\000A\000d\000m\000i\000n\000\051}{subsection.4.2.3}% 92
\BOOKMARK [3][-]{subsubsection.4.2.3.5}{\376\377\000I\000n\000t\000e\000r\000f\000a\000c\000e\000\040\000d\000e\000\040\000g\000e\000s\000t\000i\000o\000n\000\040\000d\000e\000s\000\040\000e\000n\000t\000r\000e\000p\000r\000i\000s\000e\000s}{subsection.4.2.3}% 93
\BOOKMARK [3][-]{subsubsection.4.2.3.6}{\376\377\000I\000n\000t\000e\000r\000f\000a\000c\000e\000\040\000d\000e\000s\000\040\000p\000a\000r\000a\000m\000\350\000t\000r\000e\000s\000\040\000d\000'\000e\000n\000t\000r\000e\000p\000r\000i\000s\000e}{subsection.4.2.3}% 94
\BOOKMARK [3][-]{subsubsection.4.2.3.7}{\376\377\000I\000n\000t\000e\000r\000f\000a\000c\000e\000\040\000d\000e\000\040\000g\000e\000s\000t\000i\000o\000n\000\040\000d\000e\000\040\000l\000a\000\040\000t\000a\000x\000o\000n\000o\000m\000i\000e}{subsection.4.2.3}% 95
\BOOKMARK [3][-]{subsubsection.4.2.3.8}{\376\377\000I\000n\000t\000e\000r\000f\000a\000c\000e\000\040\000d\000e\000\040\000s\000u\000g\000g\000e\000s\000t\000i\000o\000n\000\040\000d\000e\000\040\000t\000a\000x\000o\000n\000o\000m\000i\000e\000\040\000p\000a\000r\000\040\000I\000A}{subsection.4.2.3}% 96
\BOOKMARK [1][-]{figure.caption.67}{\376\377\000C\000o\000n\000c\000l\000u\000s\000i\000o\000n}{chapter.4}% 97
\BOOKMARK [0][-]{chapter.5}{\376\377\000R\000e\000l\000e\000a\000s\000e\000\040\0002}{}% 98
\BOOKMARK [1][-]{section*.68}{\376\377\000I\000n\000t\000r\000o\000d\000u\000c\000t\000i\000o\000n}{chapter.5}% 99
\BOOKMARK [1][-]{section.5.1}{\376\377\000S\000p\000r\000i\000n\000t\000\040\0001\000\040\000:\000\040\000G\000e\000s\000t\000i\000o\000n\000\040\000d\000e\000s\000\040\000p\000l\000a\000n\000s\000\040\000d\000'\000a\000b\000o\000n\000n\000e\000m\000e\000n\000t\000,\000\040\000t\000e\000x\000t\000e\000s\000\040\000r\000\351\000g\000l\000e\000m\000e\000n\000t\000a\000i\000r\000e\000s\000,\000\040\000c\000o\000n\000f\000o\000r\000m\000i\000t\000\351\000\040\000e\000t\000\040\000p\000l\000a\000n\000s\000\040\000d\000'\000a\000c\000t\000i\000o\000n}{chapter.5}% 100
\BOOKMARK [2][-]{subsection.5.1.1}{\376\377\000S\000p\000\351\000c\000i\000f\000i\000c\000a\000t\000i\000o\000n\000s\000\040\000f\000o\000n\000c\000t\000i\000o\000n\000n\000e\000l\000l\000e\000s}{section.5.1}% 101
\BOOKMARK [3][-]{subsubsection.5.1.1.1}{\376\377\000B\000a\000c\000k\000l\000o\000g\000\040\000d\000u\000\040\000S\000p\000r\000i\000n\000t\000\040\0001}{subsection.5.1.1}% 102
\BOOKMARK [3][-]{subsubsection.5.1.1.2}{\376\377\000D\000i\000a\000g\000r\000a\000m\000m\000e\000\040\000d\000e\000\040\000c\000a\000s\000\040\000d\000'\000u\000t\000i\000l\000i\000s\000a\000t\000i\000o\000n\000\040\000d\000\351\000t\000a\000i\000l\000l\000\351\000\040\000d\000e\000\040\000l\000a\000\040\000g\000e\000s\000t\000i\000o\000n\000\040\000d\000e\000s\000\040\000p\000l\000a\000n\000s\000\040\000d\000'\000a\000b\000o\000n\000n\000e\000m\000e\000n\000t}{subsection.5.1.1}% 103
\BOOKMARK [3][-]{subsubsection.5.1.1.3}{\376\377\000D\000i\000a\000g\000r\000a\000m\000m\000e\000\040\000d\000e\000\040\000c\000a\000s\000\040\000d\000'\000u\000t\000i\000l\000i\000s\000a\000t\000i\000o\000n\000\040\000d\000\351\000t\000a\000i\000l\000l\000\351\000\040\000d\000e\000\040\000l\000a\000\040\000s\000o\000u\000s\000c\000r\000i\000p\000t\000i\000o\000n\000\040\000a\000u\000x\000\040\000a\000b\000o\000n\000n\000e\000m\000e\000n\000t\000s}{subsection.5.1.1}% 104
\BOOKMARK [3][-]{subsubsection.5.1.1.4}{\376\377\000D\000i\000a\000g\000r\000a\000m\000m\000e\000\040\000d\000e\000\040\000c\000a\000s\000\040\000d\000'\000u\000t\000i\000l\000i\000s\000a\000t\000i\000o\000n\000\040\000d\000\351\000t\000a\000i\000l\000l\000\351\000\040\000d\000e\000\040\000l\000a\000\040\000g\000e\000s\000t\000i\000o\000n\000\040\000d\000e\000s\000\040\000t\000e\000x\000t\000e\000s\000\040\000r\000\351\000g\000l\000e\000m\000e\000n\000t\000a\000i\000r\000e\000s}{subsection.5.1.1}% 105
\BOOKMARK [3][-]{subsubsection.5.1.1.5}{\376\377\000D\000i\000a\000g\000r\000a\000m\000m\000e\000\040\000d\000e\000\040\000c\000a\000s\000\040\000d\000'\000u\000t\000i\000l\000i\000s\000a\000t\000i\000o\000n\000\040\000d\000\351\000t\000a\000i\000l\000l\000\351\000\040\000d\000e\000\040\000l\000'\000\351\000v\000a\000l\000u\000a\000t\000i\000o\000n\000\040\000d\000e\000\040\000c\000o\000n\000f\000o\000r\000m\000i\000t\000\351}{subsection.5.1.1}% 106
\BOOKMARK [3][-]{subsubsection.5.1.1.6}{\376\377\000D\000i\000a\000g\000r\000a\000m\000m\000e\000\040\000d\000e\000\040\000c\000a\000s\000\040\000d\000'\000u\000t\000i\000l\000i\000s\000a\000t\000i\000o\000n\000\040\000d\000\351\000t\000a\000i\000l\000l\000\351\000\040\000d\000e\000\040\000l\000a\000\040\000g\000e\000s\000t\000i\000o\000n\000\040\000d\000e\000s\000\040\000p\000l\000a\000n\000s\000\040\000d\000'\000a\000c\000t\000i\000o\000n}{subsection.5.1.1}% 107
\BOOKMARK [2][-]{subsection.5.1.2}{\376\377\000C\000o\000n\000c\000e\000p\000t\000i\000o\000n}{section.5.1}% 108
\BOOKMARK [3][-]{subsubsection.5.1.2.1}{\376\377\000D\000i\000a\000g\000r\000a\000m\000m\000e\000\040\000d\000e\000\040\000s\000\351\000q\000u\000e\000n\000c\000e}{subsection.5.1.2}% 109
\BOOKMARK [3][-]{subsubsection.5.1.2.2}{\376\377\000D\000i\000a\000g\000r\000a\000m\000m\000e\000\040\000d\000e\000\040\000s\000\351\000q\000u\000e\000n\000c\000e\000\040\000p\000o\000u\000r\000\040\000l\000e\000\040\000s\000c\000\351\000n\000a\000r\000i\000o\000\040\000d\000e\000\040\000c\000r\000\351\000a\000t\000i\000o\000n\000\040\000d\000'\000u\000n\000\040\000p\000l\000a\000n\000\040\000d\000'\000a\000b\000o\000n\000n\000e\000m\000e\000n\000t}{subsection.5.1.2}% 110
\BOOKMARK [3][-]{subsubsection.5.1.2.3}{\376\377\000D\000i\000a\000g\000r\000a\000m\000m\000e\000\040\000d\000e\000\040\000s\000\351\000q\000u\000e\000n\000c\000e\000\040\000p\000o\000u\000r\000\040\000l\000e\000\040\000s\000c\000\351\000n\000a\000r\000i\000o\000\040\000d\000e\000\040\000c\000o\000n\000s\000u\000l\000t\000a\000t\000i\000o\000n\000\040\000d\000e\000s\000\040\000p\000l\000a\000n\000s\000\040\000d\000'\000a\000b\000o\000n\000n\000e\000m\000e\000n\000t}{subsection.5.1.2}% 111
\BOOKMARK [3][-]{subsubsection.5.1.2.4}{\376\377\000D\000i\000a\000g\000r\000a\000m\000m\000e\000\040\000d\000e\000\040\000s\000\351\000q\000u\000e\000n\000c\000e\000\040\000p\000o\000u\000r\000\040\000l\000e\000\040\000s\000c\000\351\000n\000a\000r\000i\000o\000\040\000d\000e\000\040\000m\000o\000d\000i\000f\000i\000c\000a\000t\000i\000o\000n\000\040\000d\000'\000u\000n\000\040\000p\000l\000a\000n\000\040\000d\000'\000a\000b\000o\000n\000n\000e\000m\000e\000n\000t}{subsection.5.1.2}% 112
\BOOKMARK [3][-]{subsubsection.5.1.2.5}{\376\377\000D\000i\000a\000g\000r\000a\000m\000m\000e\000\040\000d\000e\000\040\000s\000\351\000q\000u\000e\000n\000c\000e\000\040\000p\000o\000u\000r\000\040\000l\000e\000\040\000s\000c\000\351\000n\000a\000r\000i\000o\000\040\000d\000e\000\040\000s\000u\000p\000p\000r\000e\000s\000s\000i\000o\000n\000\040\000d\000'\000u\000n\000\040\000p\000l\000a\000n\000\040\000d\000'\000a\000b\000o\000n\000n\000e\000m\000e\000n\000t}{subsection.5.1.2}% 113
\BOOKMARK [3][-]{subsubsection.5.1.2.6}{\376\377\000D\000i\000a\000g\000r\000a\000m\000m\000e\000\040\000d\000e\000\040\000s\000\351\000q\000u\000e\000n\000c\000e\000\040\000p\000o\000u\000r\000\040\000l\000e\000\040\000s\000c\000\351\000n\000a\000r\000i\000o\000\040\000d\000e\000\040\000s\000o\000u\000s\000c\000r\000i\000p\000t\000i\000o\000n\000\040\000\340\000\040\000u\000n\000\040\000a\000b\000o\000n\000n\000e\000m\000e\000n\000t}{subsection.5.1.2}% 114
\BOOKMARK [3][-]{subsubsection.5.1.2.7}{\376\377\000D\000i\000a\000g\000r\000a\000m\000m\000e\000\040\000d\000e\000\040\000s\000\351\000q\000u\000e\000n\000c\000e\000\040\000p\000o\000u\000r\000\040\000l\000e\000\040\000s\000c\000\351\000n\000a\000r\000i\000o\000\040\000d\000e\000\040\000c\000r\000\351\000a\000t\000i\000o\000n\000\040\000d\000'\000u\000n\000\040\000t\000e\000x\000t\000e\000\040\000r\000\351\000g\000l\000e\000m\000e\000n\000t\000a\000i\000r\000e}{subsection.5.1.2}% 115
\BOOKMARK [3][-]{subsubsection.5.1.2.8}{\376\377\000D\000i\000a\000g\000r\000a\000m\000m\000e\000\040\000d\000e\000\040\000s\000\351\000q\000u\000e\000n\000c\000e\000\040\000p\000o\000u\000r\000\040\000l\000e\000\040\000s\000c\000\351\000n\000a\000r\000i\000o\000\040\000d\000e\000\040\000c\000o\000n\000s\000u\000l\000t\000a\000t\000i\000o\000n\000\040\000d\000e\000s\000\040\000t\000e\000x\000t\000e\000s\000\040\000r\000\351\000g\000l\000e\000m\000e\000n\000t\000a\000i\000r\000e\000s}{subsection.5.1.2}% 116
\BOOKMARK [3][-]{subsubsection.5.1.2.9}{\376\377\000D\000i\000a\000g\000r\000a\000m\000m\000e\000\040\000d\000e\000\040\000s\000\351\000q\000u\000e\000n\000c\000e\000\040\000p\000o\000u\000r\000\040\000l\000e\000\040\000s\000c\000\351\000n\000a\000r\000i\000o\000\040\000d\000e\000\040\000m\000o\000d\000i\000f\000i\000c\000a\000t\000i\000o\000n\000\040\000d\000'\000u\000n\000\040\000t\000e\000x\000t\000e\000\040\000r\000\351\000g\000l\000e\000m\000e\000n\000t\000a\000i\000r\000e}{subsection.5.1.2}% 117
\BOOKMARK [3][-]{subsubsection.5.1.2.10}{\376\377\000D\000i\000a\000g\000r\000a\000m\000m\000e\000\040\000d\000e\000\040\000s\000\351\000q\000u\000e\000n\000c\000e\000\040\000p\000o\000u\000r\000\040\000l\000e\000\040\000s\000c\000\351\000n\000a\000r\000i\000o\000\040\000d\000e\000\040\000s\000u\000p\000p\000r\000e\000s\000s\000i\000o\000n\000\040\000d\000'\000u\000n\000\040\000t\000e\000x\000t\000e\000\040\000r\000\351\000g\000l\000e\000m\000e\000n\000t\000a\000i\000r\000e}{subsection.5.1.2}% 118
\BOOKMARK [3][-]{subsubsection.5.1.2.11}{\376\377\000D\000i\000a\000g\000r\000a\000m\000m\000e\000\040\000d\000e\000\040\000s\000\351\000q\000u\000e\000n\000c\000e\000\040\000p\000o\000u\000r\000\040\000l\000e\000\040\000s\000c\000\351\000n\000a\000r\000i\000o\000\040\000d\000'\000\351\000v\000a\000l\000u\000a\000t\000i\000o\000n\000\040\000d\000e\000\040\000c\000o\000n\000f\000o\000r\000m\000i\000t\000\351}{subsection.5.1.2}% 119
\BOOKMARK [3][-]{subsubsection.5.1.2.12}{\376\377\000D\000i\000a\000g\000r\000a\000m\000m\000e\000\040\000d\000e\000\040\000s\000\351\000q\000u\000e\000n\000c\000e\000\040\000p\000o\000u\000r\000\040\000l\000e\000\040\000s\000c\000\351\000n\000a\000r\000i\000o\000\040\000d\000e\000\040\000c\000r\000\351\000a\000t\000i\000o\000n\000\040\000d\000'\000u\000n\000\040\000p\000l\000a\000n\000\040\000d\000'\000a\000c\000t\000i\000o\000n}{subsection.5.1.2}% 120
\BOOKMARK [3][-]{subsubsection.5.1.2.13}{\376\377\000D\000i\000a\000g\000r\000a\000m\000m\000e\000\040\000d\000e\000\040\000s\000\351\000q\000u\000e\000n\000c\000e\000\040\000p\000o\000u\000r\000\040\000l\000e\000\040\000s\000c\000\351\000n\000a\000r\000i\000o\000\040\000d\000e\000\040\000c\000o\000n\000s\000u\000l\000t\000a\000t\000i\000o\000n\000\040\000d\000e\000s\000\040\000p\000l\000a\000n\000s\000\040\000d\000'\000a\000c\000t\000i\000o\000n}{subsection.5.1.2}% 121
\BOOKMARK [3][-]{subsubsection.5.1.2.14}{\376\377\000D\000i\000a\000g\000r\000a\000m\000m\000e\000\040\000d\000e\000\040\000s\000\351\000q\000u\000e\000n\000c\000e\000\040\000p\000o\000u\000r\000\040\000l\000e\000\040\000s\000c\000\351\000n\000a\000r\000i\000o\000\040\000d\000e\000\040\000m\000o\000d\000i\000f\000i\000c\000a\000t\000i\000o\000n\000\040\000d\000'\000u\000n\000\040\000p\000l\000a\000n\000\040\000d\000'\000a\000c\000t\000i\000o\000n}{subsection.5.1.2}% 122
\BOOKMARK [3][-]{subsubsection.5.1.2.15}{\376\377\000D\000i\000a\000g\000r\000a\000m\000m\000e\000\040\000d\000e\000\040\000s\000\351\000q\000u\000e\000n\000c\000e\000\040\000p\000o\000u\000r\000\040\000l\000e\000\040\000s\000c\000\351\000n\000a\000r\000i\000o\000\040\000d\000e\000\040\000s\000u\000p\000p\000r\000e\000s\000s\000i\000o\000n\000\040\000d\000'\000u\000n\000\040\000p\000l\000a\000n\000\040\000d\000'\000a\000c\000t\000i\000o\000n}{subsection.5.1.2}% 123
\BOOKMARK [3][-]{subsubsection.5.1.2.16}{\376\377\000D\000i\000a\000g\000r\000a\000m\000m\000e\000\040\000d\000e\000\040\000s\000\351\000q\000u\000e\000n\000c\000e\000\040\000p\000o\000u\000r\000\040\000l\000e\000\040\000s\000c\000\351\000n\000a\000r\000i\000o\000\040\000d\000e\000\040\000g\000\351\000n\000\351\000r\000a\000t\000i\000o\000n\000\040\000d\000e\000\040\000c\000o\000n\000s\000e\000i\000l\000s\000\040\000I\000A}{subsection.5.1.2}% 124
\BOOKMARK [2][-]{subsection.5.1.3}{\376\377\000R\000\351\000a\000l\000i\000s\000a\000t\000i\000o\000n}{section.5.1}% 125
\BOOKMARK [3][-]{subsubsection.5.1.3.1}{\376\377\000I\000n\000t\000e\000r\000f\000a\000c\000e\000\040\000d\000e\000\040\000g\000e\000s\000t\000i\000o\000n\000\040\000d\000e\000s\000\040\000p\000l\000a\000n\000s\000\040\000d\000'\000a\000b\000o\000n\000n\000e\000m\000e\000n\000t}{subsection.5.1.3}% 126
\BOOKMARK [3][-]{subsubsection.5.1.3.2}{\376\377\000I\000n\000t\000e\000r\000f\000a\000c\000e\000\040\000d\000e\000\040\000c\000r\000\351\000a\000t\000i\000o\000n\000\040\000d\000'\000u\000n\000\040\000p\000l\000a\000n\000\040\000d\000'\000a\000b\000o\000n\000n\000e\000m\000e\000n\000t}{subsection.5.1.3}% 127
\BOOKMARK [3][-]{subsubsection.5.1.3.3}{\376\377\000I\000n\000t\000e\000r\000f\000a\000c\000e\000\040\000d\000e\000\040\000s\000o\000u\000s\000c\000r\000i\000p\000t\000i\000o\000n\000\040\000a\000u\000x\000\040\000a\000b\000o\000n\000n\000e\000m\000e\000n\000t\000s}{subsection.5.1.3}% 128
\BOOKMARK [3][-]{subsubsection.5.1.3.4}{\376\377\000I\000n\000t\000e\000r\000f\000a\000c\000e\000\040\000d\000e\000\040\000g\000e\000s\000t\000i\000o\000n\000\040\000d\000e\000s\000\040\000t\000e\000x\000t\000e\000s\000\040\000r\000\351\000g\000l\000e\000m\000e\000n\000t\000a\000i\000r\000e\000s}{subsection.5.1.3}% 129
\BOOKMARK [3][-]{subsubsection.5.1.3.5}{\376\377\000I\000n\000t\000e\000r\000f\000a\000c\000e\000\040\000d\000e\000\040\000c\000r\000\351\000a\000t\000i\000o\000n\000\040\000d\000'\000u\000n\000\040\000t\000e\000x\000t\000e\000\040\000r\000\351\000g\000l\000e\000m\000e\000n\000t\000a\000i\000r\000e}{subsection.5.1.3}% 130
\BOOKMARK [3][-]{subsubsection.5.1.3.6}{\376\377\000I\000n\000t\000e\000r\000f\000a\000c\000e\000\040\000d\000'\000\351\000v\000a\000l\000u\000a\000t\000i\000o\000n\000\040\000d\000e\000\040\000c\000o\000n\000f\000o\000r\000m\000i\000t\000\351}{subsection.5.1.3}% 131
\BOOKMARK [3][-]{subsubsection.5.1.3.7}{\376\377\000I\000n\000t\000e\000r\000f\000a\000c\000e\000\040\000d\000'\000\351\000v\000a\000l\000u\000a\000t\000i\000o\000n\000\040\000d\000e\000s\000\040\000e\000x\000i\000g\000e\000n\000c\000e\000s}{subsection.5.1.3}% 132
\BOOKMARK [3][-]{subsubsection.5.1.3.8}{\376\377\000I\000n\000t\000e\000r\000f\000a\000c\000e\000\040\000d\000e\000\040\000g\000e\000s\000t\000i\000o\000n\000\040\000d\000e\000s\000\040\000p\000l\000a\000n\000s\000\040\000d\000'\000a\000c\000t\000i\000o\000n}{subsection.5.1.3}% 133
\BOOKMARK [3][-]{subsubsection.5.1.3.9}{\376\377\000I\000n\000t\000e\000r\000f\000a\000c\000e\000\040\000d\000e\000\040\000c\000r\000\351\000a\000t\000i\000o\000n\000\040\000d\000'\000u\000n\000\040\000p\000l\000a\000n\000\040\000d\000'\000a\000c\000t\000i\000o\000n}{subsection.5.1.3}% 134
\BOOKMARK [3][-]{subsubsection.5.1.3.10}{\376\377\000I\000n\000t\000e\000r\000f\000a\000c\000e\000\040\000d\000e\000s\000\040\000c\000o\000n\000s\000e\000i\000l\000s\000\040\000I\000A\000\040\000p\000o\000u\000r\000\040\000l\000e\000s\000\040\000p\000l\000a\000n\000s\000\040\000d\000'\000a\000c\000t\000i\000o\000n}{subsection.5.1.3}% 135
\BOOKMARK [1][-]{section.5.2}{\376\377\000S\000p\000r\000i\000n\000t\000\040\0002\000\040\000:\000\040\000G\000e\000s\000t\000i\000o\000n\000\040\000d\000e\000s\000\040\000r\000e\000v\000u\000e\000s\000\040\000d\000e\000\040\000d\000i\000r\000e\000c\000t\000i\000o\000n\000,\000\040\000n\000o\000t\000i\000f\000i\000c\000a\000t\000i\000o\000n\000s\000,\000\040\000h\000i\000s\000t\000o\000r\000i\000q\000u\000e\000\040\000e\000t\000\040\000s\000t\000a\000t\000i\000s\000t\000i\000q\000u\000e\000s}{chapter.5}% 136
\BOOKMARK [2][-]{subsection.5.2.1}{\376\377\000S\000p\000\351\000c\000i\000f\000i\000c\000a\000t\000i\000o\000n\000s\000\040\000f\000o\000n\000c\000t\000i\000o\000n\000n\000e\000l\000l\000e\000s}{section.5.2}% 137
\BOOKMARK [3][-]{subsubsection.5.2.1.1}{\376\377\000B\000a\000c\000k\000l\000o\000g\000\040\000d\000u\000\040\000S\000p\000r\000i\000n\000t\000\040\0002}{subsection.5.2.1}% 138
\BOOKMARK [3][-]{subsubsection.5.2.1.2}{\376\377\000D\000i\000a\000g\000r\000a\000m\000m\000e\000\040\000d\000e\000\040\000c\000a\000s\000\040\000d\000'\000u\000t\000i\000l\000i\000s\000a\000t\000i\000o\000n\000\040\000d\000\351\000t\000a\000i\000l\000l\000\351\000\040\000d\000e\000\040\000l\000a\000\040\000g\000e\000s\000t\000i\000o\000n\000\040\000d\000e\000s\000\040\000r\000e\000v\000u\000e\000s\000\040\000d\000e\000\040\000d\000i\000r\000e\000c\000t\000i\000o\000n}{subsection.5.2.1}% 139
\BOOKMARK [3][-]{subsubsection.5.2.1.3}{\376\377\000D\000i\000a\000g\000r\000a\000m\000m\000e\000\040\000d\000e\000\040\000c\000a\000s\000\040\000d\000'\000u\000t\000i\000l\000i\000s\000a\000t\000i\000o\000n\000\040\000d\000\351\000t\000a\000i\000l\000l\000\351\000\040\000d\000e\000\040\000l\000a\000\040\000p\000a\000r\000t\000i\000c\000i\000p\000a\000t\000i\000o\000n\000\040\000a\000u\000x\000\040\000r\000e\000v\000u\000e\000s\000\040\000d\000e\000\040\000d\000i\000r\000e\000c\000t\000i\000o\000n}{subsection.5.2.1}% 140
\BOOKMARK [3][-]{subsubsection.5.2.1.4}{\376\377\000D\000i\000a\000g\000r\000a\000m\000m\000e\000\040\000d\000e\000\040\000c\000a\000s\000\040\000d\000'\000u\000t\000i\000l\000i\000s\000a\000t\000i\000o\000n\000\040\000d\000\351\000t\000a\000i\000l\000l\000\351\000\040\000d\000e\000\040\000l\000a\000\040\000g\000e\000s\000t\000i\000o\000n\000\040\000d\000e\000s\000\040\000n\000o\000t\000i\000f\000i\000c\000a\000t\000i\000o\000n\000s}{subsection.5.2.1}% 141
\BOOKMARK [3][-]{subsubsection.5.2.1.5}{\376\377\000D\000i\000a\000g\000r\000a\000m\000m\000e\000\040\000d\000e\000\040\000c\000a\000s\000\040\000d\000'\000u\000t\000i\000l\000i\000s\000a\000t\000i\000o\000n\000\040\000d\000\351\000t\000a\000i\000l\000l\000\351\000\040\000d\000e\000\040\000l\000a\000\040\000c\000o\000n\000s\000u\000l\000t\000a\000t\000i\000o\000n\000\040\000d\000e\000\040\000l\000'\000h\000i\000s\000t\000o\000r\000i\000q\000u\000e}{subsection.5.2.1}% 142
\BOOKMARK [3][-]{subsubsection.5.2.1.6}{\376\377\000D\000i\000a\000g\000r\000a\000m\000m\000e\000\040\000d\000e\000\040\000c\000a\000s\000\040\000d\000'\000u\000t\000i\000l\000i\000s\000a\000t\000i\000o\000n\000\040\000d\000\351\000t\000a\000i\000l\000l\000\351\000\040\000d\000e\000\040\000l\000a\000\040\000c\000o\000n\000s\000u\000l\000t\000a\000t\000i\000o\000n\000\040\000d\000e\000s\000\040\000s\000t\000a\000t\000i\000s\000t\000i\000q\000u\000e\000s}{subsection.5.2.1}% 143
\BOOKMARK [2][-]{subsection.5.2.2}{\376\377\000C\000o\000n\000c\000e\000p\000t\000i\000o\000n}{section.5.2}% 144
\BOOKMARK [3][-]{subsubsection.5.2.2.1}{\376\377\000D\000i\000a\000g\000r\000a\000m\000m\000e\000\040\000d\000e\000\040\000s\000\351\000q\000u\000e\000n\000c\000e\000\040\000p\000o\000u\000r\000\040\000l\000e\000\040\000s\000c\000\351\000n\000a\000r\000i\000o\000\040\000d\000e\000\040\000c\000r\000\351\000a\000t\000i\000o\000n\000\040\000d\000'\000u\000n\000e\000\040\000r\000e\000v\000u\000e\000\040\000d\000e\000\040\000d\000i\000r\000e\000c\000t\000i\000o\000n}{subsection.5.2.2}% 145
\BOOKMARK [3][-]{subsubsection.5.2.2.2}{\376\377\000D\000i\000a\000g\000r\000a\000m\000m\000e\000\040\000d\000e\000\040\000s\000\351\000q\000u\000e\000n\000c\000e\000\040\000p\000o\000u\000r\000\040\000l\000e\000\040\000s\000c\000\351\000n\000a\000r\000i\000o\000\040\000d\000e\000\040\000c\000o\000n\000s\000u\000l\000t\000a\000t\000i\000o\000n\000\040\000d\000e\000s\000\040\000r\000e\000v\000u\000e\000s\000\040\000d\000e\000\040\000d\000i\000r\000e\000c\000t\000i\000o\000n}{subsection.5.2.2}% 146
\BOOKMARK [3][-]{subsubsection.5.2.2.3}{\376\377\000D\000i\000a\000g\000r\000a\000m\000m\000e\000\040\000d\000e\000\040\000s\000\351\000q\000u\000e\000n\000c\000e\000\040\000p\000o\000u\000r\000\040\000l\000e\000\040\000s\000c\000\351\000n\000a\000r\000i\000o\000\040\000d\000e\000\040\000m\000o\000d\000i\000f\000i\000c\000a\000t\000i\000o\000n\000\040\000d\000'\000u\000n\000e\000\040\000r\000e\000v\000u\000e\000\040\000d\000e\000\040\000d\000i\000r\000e\000c\000t\000i\000o\000n}{subsection.5.2.2}% 147
\BOOKMARK [3][-]{subsubsection.5.2.2.4}{\376\377\000D\000i\000a\000g\000r\000a\000m\000m\000e\000\040\000d\000e\000\040\000s\000\351\000q\000u\000e\000n\000c\000e\000\040\000p\000o\000u\000r\000\040\000l\000e\000\040\000s\000c\000\351\000n\000a\000r\000i\000o\000\040\000d\000e\000\040\000s\000u\000p\000p\000r\000e\000s\000s\000i\000o\000n\000\040\000d\000'\000u\000n\000e\000\040\000r\000e\000v\000u\000e\000\040\000d\000e\000\040\000d\000i\000r\000e\000c\000t\000i\000o\000n}{subsection.5.2.2}% 148
\BOOKMARK [3][-]{subsubsection.5.2.2.5}{\376\377\000D\000i\000a\000g\000r\000a\000m\000m\000e\000\040\000d\000e\000\040\000s\000\351\000q\000u\000e\000n\000c\000e\000\040\000p\000o\000u\000r\000\040\000l\000e\000\040\000s\000c\000\351\000n\000a\000r\000i\000o\000\040\000d\000e\000\040\000c\000h\000a\000n\000g\000e\000m\000e\000n\000t\000\040\000d\000e\000\040\000s\000t\000a\000t\000u\000t\000\040\000d\000'\000u\000n\000e\000\040\000r\000e\000v\000u\000e}{subsection.5.2.2}% 149
\BOOKMARK [3][-]{subsubsection.5.2.2.6}{\376\377\000D\000i\000a\000g\000r\000a\000m\000m\000e\000\040\000d\000e\000\040\000s\000\351\000q\000u\000e\000n\000c\000e\000\040\000p\000o\000u\000r\000\040\000l\000e\000\040\000s\000c\000\351\000n\000a\000r\000i\000o\000\040\000d\000e\000\040\000c\000o\000n\000s\000u\000l\000t\000a\000t\000i\000o\000n\000\040\000d\000e\000s\000\040\000\351\000l\000\351\000m\000e\000n\000t\000s\000\040\000d\000'\000u\000n\000e\000\040\000r\000e\000v\000u\000e}{subsection.5.2.2}% 150
\BOOKMARK [3][-]{subsubsection.5.2.2.7}{\376\377\000D\000i\000a\000g\000r\000a\000m\000m\000e\000\040\000d\000e\000\040\000s\000\351\000q\000u\000e\000n\000c\000e\000\040\000p\000o\000u\000r\000\040\000l\000e\000\040\000s\000c\000\351\000n\000a\000r\000i\000o\000\040\000d\000'\000a\000j\000o\000u\000t\000\040\000d\000'\000u\000n\000\040\000\351\000l\000\351\000m\000e\000n\000t\000\040\000\340\000\040\000u\000n\000e\000\040\000r\000e\000v\000u\000e}{subsection.5.2.2}% 151
\BOOKMARK [3][-]{subsubsection.5.2.2.8}{\376\377\000D\000i\000a\000g\000r\000a\000m\000m\000e\000\040\000d\000e\000\040\000s\000\351\000q\000u\000e\000n\000c\000e\000\040\000p\000o\000u\000r\000\040\000l\000e\000\040\000s\000c\000\351\000n\000a\000r\000i\000o\000\040\000d\000e\000\040\000m\000o\000d\000i\000f\000i\000c\000a\000t\000i\000o\000n\000\040\000d\000'\000u\000n\000\040\000\351\000l\000\351\000m\000e\000n\000t\000\040\000d\000e\000\040\000r\000e\000v\000u\000e}{subsection.5.2.2}% 152
\BOOKMARK [3][-]{subsubsection.5.2.2.9}{\376\377\000D\000i\000a\000g\000r\000a\000m\000m\000e\000\040\000d\000e\000\040\000s\000\351\000q\000u\000e\000n\000c\000e\000\040\000p\000o\000u\000r\000\040\000l\000e\000\040\000s\000c\000\351\000n\000a\000r\000i\000o\000\040\000d\000e\000\040\000s\000u\000p\000p\000r\000e\000s\000s\000i\000o\000n\000\040\000d\000'\000u\000n\000\040\000\351\000l\000\351\000m\000e\000n\000t\000\040\000d\000e\000\040\000r\000e\000v\000u\000e}{subsection.5.2.2}% 153
\BOOKMARK [3][-]{subsubsection.5.2.2.10}{\376\377\000D\000i\000a\000g\000r\000a\000m\000m\000e\000\040\000d\000e\000\040\000s\000\351\000q\000u\000e\000n\000c\000e\000\040\000p\000o\000u\000r\000\040\000l\000e\000\040\000s\000c\000\351\000n\000a\000r\000i\000o\000\040\000d\000e\000\040\000g\000\351\000n\000\351\000r\000a\000t\000i\000o\000n\000\040\000d\000e\000\040\000P\000D\000F\000\040\000d\000'\000u\000n\000e\000\040\000r\000e\000v\000u\000e}{subsection.5.2.2}% 154
\BOOKMARK [3][-]{subsubsection.5.2.2.11}{\376\377\000D\000i\000a\000g\000r\000a\000m\000m\000e\000\040\000d\000e\000\040\000s\000\351\000q\000u\000e\000n\000c\000e\000\040\000p\000o\000u\000r\000\040\000l\000e\000\040\000s\000c\000\351\000n\000a\000r\000i\000o\000\040\000d\000e\000\040\000c\000o\000n\000s\000u\000l\000t\000a\000t\000i\000o\000n\000\040\000d\000e\000s\000\040\000n\000o\000t\000i\000f\000i\000c\000a\000t\000i\000o\000n\000s}{subsection.5.2.2}% 155
\BOOKMARK [3][-]{subsubsection.5.2.2.12}{\376\377\000D\000i\000a\000g\000r\000a\000m\000m\000e\000\040\000d\000e\000\040\000s\000\351\000q\000u\000e\000n\000c\000e\000\040\000p\000o\000u\000r\000\040\000l\000e\000\040\000s\000c\000\351\000n\000a\000r\000i\000o\000\040\000d\000e\000\040\000m\000a\000r\000q\000u\000a\000g\000e\000\040\000d\000e\000\040\000t\000o\000u\000t\000e\000s\000\040\000l\000e\000s\000\040\000n\000o\000t\000i\000f\000i\000c\000a\000t\000i\000o\000n\000s\000\040\000c\000o\000m\000m\000e\000\040\000l\000u\000e\000s}{subsection.5.2.2}% 156
\BOOKMARK [3][-]{subsubsection.5.2.2.13}{\376\377\000D\000i\000a\000g\000r\000a\000m\000m\000e\000\040\000d\000e\000\040\000s\000\351\000q\000u\000e\000n\000c\000e\000\040\000p\000o\000u\000r\000\040\000l\000e\000\040\000s\000c\000\351\000n\000a\000r\000i\000o\000\040\000d\000e\000\040\000c\000o\000n\000s\000u\000l\000t\000a\000t\000i\000o\000n\000\040\000d\000e\000\040\000l\000'\000h\000i\000s\000t\000o\000r\000i\000q\000u\000e}{subsection.5.2.2}% 157
\BOOKMARK [3][-]{subsubsection.5.2.2.14}{\376\377\000D\000i\000a\000g\000r\000a\000m\000m\000e\000\040\000d\000e\000\040\000s\000\351\000q\000u\000e\000n\000c\000e\000\040\000p\000o\000u\000r\000\040\000l\000e\000\040\000s\000c\000\351\000n\000a\000r\000i\000o\000\040\000d\000e\000\040\000c\000o\000n\000s\000u\000l\000t\000a\000t\000i\000o\000n\000\040\000d\000e\000s\000\040\000s\000t\000a\000t\000i\000s\000t\000i\000q\000u\000e\000s\000\040\000g\000l\000o\000b\000a\000l\000e\000s}{subsection.5.2.2}% 158
\BOOKMARK [3][-]{subsubsection.5.2.2.15}{\376\377\000D\000i\000a\000g\000r\000a\000m\000m\000e\000\040\000d\000e\000\040\000s\000\351\000q\000u\000e\000n\000c\000e\000\040\000p\000o\000u\000r\000\040\000l\000e\000\040\000s\000c\000\351\000n\000a\000r\000i\000o\000\040\000d\000e\000\040\000c\000o\000n\000s\000u\000l\000t\000a\000t\000i\000o\000n\000\040\000d\000e\000s\000\040\000s\000t\000a\000t\000i\000s\000t\000i\000q\000u\000e\000s\000\040\000d\000e\000\040\000c\000o\000n\000f\000o\000r\000m\000i\000t\000\351\000\051}{subsection.5.2.2}% 159
\BOOKMARK [2][-]{subsection.5.2.3}{\376\377\000R\000\351\000a\000l\000i\000s\000a\000t\000i\000o\000n}{section.5.2}% 160
\BOOKMARK [3][-]{subsubsection.5.2.3.1}{\376\377\000I\000n\000t\000e\000r\000f\000a\000c\000e\000\040\000d\000e\000\040\000g\000e\000s\000t\000i\000o\000n\000\040\000d\000e\000s\000\040\000r\000e\000v\000u\000e\000s\000\040\000d\000e\000\040\000d\000i\000r\000e\000c\000t\000i\000o\000n}{subsection.5.2.3}% 161
\BOOKMARK [3][-]{subsubsection.5.2.3.2}{\376\377\000I\000n\000t\000e\000r\000f\000a\000c\000e\000\040\000d\000e\000\040\000c\000r\000\351\000a\000t\000i\000o\000n\000\040\000d\000'\000u\000n\000e\000\040\000r\000e\000v\000u\000e\000\040\000d\000e\000\040\000d\000i\000r\000e\000c\000t\000i\000o\000n}{subsection.5.2.3}% 162
\BOOKMARK [3][-]{subsubsection.5.2.3.3}{\376\377\000I\000n\000t\000e\000r\000f\000a\000c\000e\000\040\000d\000e\000\040\000d\000\351\000t\000a\000i\000l\000s\000\040\000d\000'\000u\000n\000e\000\040\000r\000e\000v\000u\000e}{subsection.5.2.3}% 163
\BOOKMARK [3][-]{subsubsection.5.2.3.4}{\376\377\000I\000n\000t\000e\000r\000f\000a\000c\000e\000\040\000d\000'\000a\000j\000o\000u\000t\000\040\000d\000'\000u\000n\000\040\000\351\000l\000\351\000m\000e\000n\000t\000\040\000\340\000\040\000u\000n\000e\000\040\000r\000e\000v\000u\000e}{subsection.5.2.3}% 164
\BOOKMARK [3][-]{subsubsection.5.2.3.5}{\376\377\000I\000n\000t\000e\000r\000f\000a\000c\000e\000\040\000d\000u\000\040\000d\000r\000o\000p\000d\000o\000w\000n\000\040\000d\000e\000s\000\040\000n\000o\000t\000i\000f\000i\000c\000a\000t\000i\000o\000n\000s}{subsection.5.2.3}% 165
\BOOKMARK [3][-]{subsubsection.5.2.3.6}{\376\377\000I\000n\000t\000e\000r\000f\000a\000c\000e\000\040\000d\000e\000\040\000c\000o\000n\000s\000u\000l\000t\000a\000t\000i\000o\000n\000\040\000d\000e\000\040\000l\000'\000h\000i\000s\000t\000o\000r\000i\000q\000u\000e}{subsection.5.2.3}% 166
\BOOKMARK [3][-]{subsubsection.5.2.3.7}{\376\377\000I\000n\000t\000e\000r\000f\000a\000c\000e\000\040\000d\000e\000s\000\040\000s\000t\000a\000t\000i\000s\000t\000i\000q\000u\000e\000s\000\040\000g\000l\000o\000b\000a\000l\000e\000s\000\040\000\050\000S\000u\000p\000e\000r\000\040\000A\000d\000m\000i\000n\000\051}{subsection.5.2.3}% 167
\BOOKMARK [3][-]{subsubsection.5.2.3.8}{\376\377\000I\000n\000t\000e\000r\000f\000a\000c\000e\000\040\000d\000e\000s\000\040\000s\000t\000a\000t\000i\000s\000t\000i\000q\000u\000e\000s\000\040\000d\000e\000\040\000c\000o\000n\000f\000o\000r\000m\000i\000t\000\351\000\040\000\050\000A\000d\000m\000i\000n\000\051}{subsection.5.2.3}% 168
\BOOKMARK [1][-]{figure.caption.126}{\376\377\000C\000o\000n\000c\000l\000u\000s\000i\000o\000n}{chapter.5}% 169
\BOOKMARK [0][-]{chapter*.127}{\376\377\000C\000O\000N\000C\000L\000U\000S\000I\000O\000N\000\040\000G\000\311\000N\000\311\000R\000A\000L\000E}{}% 170
\BOOKMARK [0][-]{chapter*.127}{\376\377\000B\000I\000B\000L\000I\000O\000G\000R\000A\000P\000H\000I\000E}{}% 171
